[backblue.gif]
[fade.gif]
[index.html]
[www.nchmf.gov.vn/kttvsite/favicon.ico]
[www.nchmf.gov.vn/kttvsite/css/uikit.min.css]
[www.nchmf.gov.vn/kttvsite/css/style.css]
[www.nchmf.gov.vn/kttvsite/css/jquery.datetimepicker.css]
[www.nchmf.gov.vn/kttvSite/js/Paging.js]
[www.nchmf.gov.vn/kttvSite/js/uikit-icons.min.js]
[unpkg.com/leaflet@1.4.0/dist/leaflet.css]
[www.nchmf.gov.vn/kttvSite/js/jquery.datetimepicker.js]
[www.nchmf.gov.vn/kttvSite/js/jquery.min.js]
[nchmf.gov.vn/Kttvsite/images/banner-dk-vi.gif]
[www.nchmf.gov.vn/kttvSite/js/uikit.min.js]
[nchmf.gov.vn/Kttvsite/images/banner-mb-vi.png]
[www.nchmf.gov.vn/kttvSite/js/modernizr-2.6.2.js]
[nchmf.gov.vn/Kttvsite/images/vi.jpg]
[nchmf.gov.vn/Kttvsite/images/en.jpg]
[khituongvietnam.gov.vn/upload/Icons/admin/2019/8/15/15-08-2019-074747.png]
[khituongvietnam.gov.vn/upload/Icons/admin/2019/8/15/15-08-2019-074840.png]
[khituongvietnam.gov.vn/upload/Icons/admin/2019/8/15/15-08-2019-075326.png]
[khituongvietnam.gov.vn/upload/Icons/admin/2019/8/15/15-08-2019-074925.png]
[unpkg.com/leaflet@1.4.0/dist/leaflet.js]
[nchmf.gov.vn/Kttvsite/images/new.jpg]
[thoitietvietnam.gov.vn/upload/Article/thoitiet/2020/6/27/053231_nang_nong_1_ldlb_qbkx.jpg]
[thoitietvietnam.gov.vn/upload/Article/thoitiet/2020/7/9/muatuonc97.gif]
[www.nchmf.gov.vn/upload/loader.gif]
[www.nchmf.gov.vn/upload/search-icon.png]
[nchmf.gov.vn/Kttvsite/data/leaflet-searchvn.js]
[khituongvietnam.gov.vn/Upload/SynopImage/2020/7/09/UA-MD-00.png]
[khituongvietnam.gov.vn/Upload/SynopImage/2020/7/09/UA-850-00.png]
[khituongvietnam.gov.vn/Upload/SynopImage/2020/7/09/UA-700-00.png]
[khituongvietnam.gov.vn/Upload/SynopImage/2020/7/09/UA-500-00.png]
[code.highcharts.com/highcharts.21.delayed]
[code.highcharts.com/modules/exporting.js]
[nchmf.gov.vn/Upload/WeatherSymbol/2008/8/22/300.png]
[nchmf.gov.vn/Upload/WeatherSymbol/2008/8/22/261.png]
[nchmf.gov.vn/Upload/WeatherSymbol/2008/8/22/340.png]
[thoitietvietnam.gov.vn/upload/Article/thoitiet/2020/7/6/thoi-tiet-1-1-1-1.gif]
[thoitietvietnam.gov.vn/upload/Article/haivan/2020/7/9/flow2020070912.png]
[thoitietvietnam.gov.vn/upload/Article/haivan/2020/7/9/wave2020070912.png]
[thoitietvietnam.gov.vn/upload/Article/haivan/2020/7/9/flow2020070907.png]
[thoitietvietnam.gov.vn/upload/Article/haivan/2020/7/9/ssh_max_20200708.png]
[nchmf.gov.vn/Upload/WeatherSymbol/2019/VungBien/BVBB-NTN-M.jpg]
[nchmf.gov.vn/Upload/WeatherSymbol/2019/VungBien/NVBB-NTN-Y.jpg]
[nchmf.gov.vn/Upload/WeatherSymbol/2019/VungBien/QTQN-N-Y.jpg]
[nchmf.gov.vn/Upload/WeatherSymbol/2019/VungBien/BDNT-N-Y.jpg]
[nchmf.gov.vn/Upload/WeatherSymbol/2019/VungBien/BTCM-TN-Y.jpg]
[nchmf.gov.vn/Upload/WeatherSymbol/2019/VungBien/CMKG-GN.jpg]
[nchmf.gov.vn/Upload/WeatherSymbol/2019/VungBien/BBD-TN-Y.jpg]
[nchmf.gov.vn/Upload/WeatherSymbol/2019/VungBien/HS-TN-Y.jpg]
[nchmf.gov.vn/Upload/WeatherSymbol/2019/VungBien/GBD-NTN-Y.jpg]
[nchmf.gov.vn/Upload/WeatherSymbol/2019/VungBien/NBD-GN.jpg]
[nchmf.gov.vn/Upload/WeatherSymbol/2019/VungBien/TS-GN.jpg]
[nchmf.gov.vn/Upload/WeatherSymbol/2019/VungBien/VTL-TN-Y.jpg]
[nchmf.gov.vn/Kttvsite/js/Paging.js]
[nchmf.gov.vn/Upload/WeatherSymbol/icon_resized/1031.png]
[nchmf.gov.vn/Upload/WeatherSymbol/icon_resized/1021.png]
[nchmf.gov.vn/Upload/WeatherSymbol/icon_resized/2501.png]
[nchmf.gov.vn/Kttvsite/images/Settelite8.png]
[nchmf.gov.vn/Kttvsite/images/RadaPL.jpg]
[nchmf.gov.vn/Kttvsite/images/imageresize.jpg]
[nchmf.gov.vn/Kttvsite/images/RainMap.png]
[nchmf.gov.vn/Kttvsite/images/Salodat.png]
[nchmf.gov.vn/Kttvsite/images/nuocdang.jpg]
[nchmf.gov.vn/Kttvsite/images/Wave.png]
[nchmf.gov.vn/Kttvsite/images/Currents.png]
[nchmf.gov.vn/Kttvsite/images/Surge.png]
[nchmf.gov.vn/Kttvsite/images/vatthetroi.jpg]
[nchmf.gov.vn/upload/nb.gif]
[nchmf.gov.vn/upload/logo.png]
[nchmf.gov.vn/upload/hko_trade_mark.png]
[nchmf.gov.vn/upload/no_photo.jpg]
[nchmf.gov.vn/upload/quoc-huy.png]
[nchmf.gov.vn/upload/9766_a14.jpg]
[nchmf.gov.vn/upload/logo (1).png]
[nchmf.gov.vn/Kttvsite/images/logo-vi.png]
[nchmf.gov.vn/Kttvsite/images/demo-img3.jpg]
[nchmf.gov.vn/Kttvsite/images/demo-img4.jpg]
[nchmf.gov.vn/Kttvsite/images/demo-img5.jpg]
[nchmf.gov.vn/Kttvsite/images/demo-img6.jpg]
[www.nchmf.gov.vn/kttvsite/index.html]
[www.nchmf.gov.vn/kttvsite/css/uikit.min.css]
[www.nchmf.gov.vn/kttvsite/css/style.css]
[www.nchmf.gov.vn/kttvsite/css/responsive.css]
[www.nchmf.gov.vn/kttvsite/css/jquery.datetimepicker.css]
[unpkg.com/leaflet@1.4.0/dist/images/layers.png]
[unpkg.com/leaflet@1.4.0/dist/images/layers-2x.png]
[unpkg.com/leaflet@1.4.0/dist/images/marker-icon.png]
[unpkg.com/leaflet@1.4.0/dist/leaflet.css]
[khituongvietnam.gov.vn/maptv/map/{z}/{x}/{y}.html]
[khituongvietnam.gov.vn/mapvn/map/{z}/{x}/{y}.html]
[code.highcharts.com/highcharts.html]
[code.highcharts.com/modules/exporting.html]
